<img class='object-cover mx-auto max-h-[52rem] w-full max-w-[26rem]' src="/storage//storage/images/pathtoimage.gif" alt="Png Example">