<a href="/@nunomaduro" class="text-blue-500 hover:underline hover:text-blue-700 cursor-pointer" wire-navigate>@nunomaduro</a>!