<a href="@w31r4_-NAME" class="text-blue-500 hover:underline hover:text-blue-700 cursor-pointer" wire-navigate>@w31r4_-NAME</a>